// Jest Snapshot v1, https://goo.gl/fbAQLP

exports[`HubJsonLd component renders props into values 1`] = `null`;
