// Jest Snapshot v1, https://goo.gl/fbAQLP

exports[`SkipToMain 1`] = `
<a
  className="css-gb7gys-SkipToMain"
  href="#mainContent"
  id="skipToMain"
>
  Skip to main content.
</a>
`;
