// Jest Snapshot v1, https://goo.gl/fbAQLP

exports[`Voiceover 1`] = `
<p
  className="css-cxwvu9-Voiceover"
  id="hiddenVoiceover"
>
  Test
</p>
`;
